// Jest Snapshot v1, https://goo.gl/fbAQLP

exports[`Button snapshot 1`] = `
<div>
  <button
    class="relative overflow-hidden py-1.5 text-base text-base text-white rounded px-3 inline-flex items-center justify-center"
    type="button"
  >
    Button
    <div
      class="ripple-container"
      role="none"
    />
  </button>
</div>
`;
